
=== smallcnn_bg (full) | trainable 23,682 | device mps ===
  [01/58] fisc_005  label=0  prob=0.593  val_auc=0.625  ep=3/9  (18s)
  [02/58] fisc_006  label=0  prob=0.531  val_auc=0.875  ep=3/9  (18s)
  [03/58] fisc_007  label=0  prob=0.629  val_auc=0.625  ep=1/7  (14s)
  [04/58] fisc_008  label=0  prob=0.650  val_auc=0.812  ep=5/11  (22s)
  [05/58] fisc_010  label=0  prob=0.719  val_auc=0.375  ep=2/8  (16s)
  [06/58] fisc_012  label=0  prob=0.517  val_auc=0.875  ep=1/7  (14s)
  [07/58] fisc_014  label=0  prob=0.682  val_auc=0.625  ep=4/10  (21s)
  [08/58] fisc_016  label=0  prob=0.954  val_auc=0.750  ep=4/10  (21s)
  [09/58] fisc_018  label=0  prob=0.367  val_auc=0.562  ep=6/12  (25s)
  [10/58] fisc_020  label=0  prob=0.747  val_auc=0.688  ep=0/6  (12s)
  [11/58] fisc_026  label=0  prob=0.336  val_auc=1.000  ep=0/6  (12s)
  [12/58] fisc_027  label=0  prob=0.318  val_auc=1.000  ep=0/6  (12s)
  [13/58] fisc_029  label=0  prob=0.329  val_auc=1.000  ep=0/6  (12s)
  [14/58] fisc_031  label=0  prob=0.417  val_auc=0.750  ep=1/7  (14s)
  [15/58] fisc_032  label=0  prob=0.261  val_auc=0.875  ep=0/6  (12s)
  [16/58] fisc_033  label=0  prob=0.376  val_auc=0.688  ep=2/8  (16s)
  [17/58] fisc_034  label=0  prob=0.304  val_auc=0.625  ep=4/10  (20s)
  [18/58] fisc_035  label=0  prob=0.398  val_auc=0.812  ep=0/6  (12s)
  [19/58] fisc_036  label=0  prob=0.130  val_auc=0.562  ep=0/6  (12s)
  [20/58] fisc_037  label=0  prob=0.237  val_auc=0.812  ep=2/8  (17s)
  [21/58] fisc_039  label=0  prob=0.283  val_auc=0.750  ep=0/6  (12s)
  [22/58] fisc_040  label=0  prob=0.109  val_auc=0.625  ep=1/7  (14s)
  [23/58] fisc_041  label=0  prob=0.440  val_auc=0.625  ep=0/6  (12s)
  [24/58] fisc_042  label=0  prob=0.376  val_auc=0.875  ep=0/6  (12s)
  [25/58] fisc_043  label=0  prob=0.394  val_auc=0.812  ep=1/7  (14s)
  [26/58] fisc_044  label=0  prob=0.254  val_auc=0.625  ep=0/6  (12s)
  [27/58] fisc_045  label=0  prob=0.284  val_auc=0.688  ep=5/11  (22s)
  [28/58] fisc_046  label=0  prob=0.332  val_auc=0.875  ep=0/6  (12s)
  [29/58] fisc_047  label=0  prob=0.522  val_auc=0.938  ep=10/16  (32s)
  [30/58] fisc_048  label=0  prob=0.314  val_auc=0.812  ep=4/10  (20s)
  [31/58] fisc_049  label=0  prob=0.212  val_auc=0.625  ep=0/6  (12s)
  [32/58] fisc_050  label=0  prob=0.229  val_auc=0.688  ep=1/7  (14s)
  [33/58] fisc_074  label=0  prob=0.284  val_auc=0.500  ep=3/9  (18s)
  [34/58] fisp_012  label=1  prob=0.334  val_auc=0.733  ep=5/11  (22s)
  [35/58] fisp_013  label=1  prob=0.611  val_auc=1.000  ep=12/18  (36s)
  [36/58] fisp_014  label=1  prob=0.291  val_auc=0.867  ep=4/10  (20s)
  [37/58] fisp_015  label=1  prob=0.397  val_auc=0.933  ep=0/6  (12s)
  [38/58] fisp_017  label=1  prob=0.533  val_auc=1.000  ep=0/6  (12s)
  [39/58] fisp_018  label=1  prob=0.368  val_auc=0.467  ep=0/6  (12s)
  [40/58] fisp_021  label=1  prob=0.496  val_auc=0.600  ep=0/6  (12s)
  [41/58] fisp_022  label=1  prob=0.619  val_auc=0.867  ep=5/11  (22s)
  [42/58] fisp_024  label=1  prob=0.575  val_auc=0.867  ep=0/6  (12s)
  [43/58] fisp_025  label=1  prob=0.678  val_auc=0.667  ep=0/6  (12s)
  [44/58] fisp_026  label=1  prob=0.773  val_auc=0.600  ep=2/8  (16s)
  [45/58] fisp_027  label=1  prob=0.685  val_auc=0.400  ep=0/6  (12s)
  [46/58] fisp_029  label=1  prob=0.650  val_auc=0.533  ep=0/6  (12s)
  [47/58] fisp_030  label=1  prob=0.539  val_auc=0.933  ep=0/6  (12s)
  [48/58] fisp_031  label=1  prob=0.481  val_auc=1.000  ep=4/10  (21s)
  [49/58] fisp_037  label=1  prob=0.713  val_auc=0.667  ep=0/6  (13s)
  [50/58] fisp_040  label=1  prob=0.443  val_auc=0.600  ep=0/6  (13s)
  [51/58] fisp_041  label=1  prob=0.618  val_auc=0.733  ep=1/7  (14s)
  [52/58] fisp_042  label=1  prob=0.324  val_auc=1.000  ep=0/6  (12s)
  [53/58] fisp_044  label=1  prob=0.339  val_auc=0.933  ep=0/6  (12s)
  [54/58] fisp_045  label=1  prob=0.270  val_auc=1.000  ep=1/7  (14s)
  [55/58] fisp_048  label=1  prob=0.320  val_auc=0.800  ep=0/6  (12s)
  [56/58] fisp_049  label=1  prob=0.316  val_auc=0.667  ep=0/6  (12s)
  [57/58] fisp_051  label=1  prob=0.309  val_auc=0.467  ep=0/6  (12s)
  [58/58] fisp_052  label=1  prob=0.224  val_auc=0.400  ep=0/6  (12s)
--- smallcnn_bg DONE  pooled AUC 0.6242  A 0.5167  B 0.3111  corr_nwin 0.063  (15.0 min) ---

=== resnet18_fc_bg (full) | trainable 1,026 | device mps ===
  [01/58] fisc_005  label=0  prob=0.714  val_auc=0.562  ep=0/6  (14s)
  [02/58] fisc_006  label=0  prob=0.717  val_auc=0.875  ep=5/11  (25s)
  [03/58] fisc_007  label=0  prob=0.672  val_auc=0.688  ep=0/6  (14s)
  [04/58] fisc_008  label=0  prob=0.667  val_auc=0.875  ep=0/6  (14s)
  [05/58] fisc_010  label=0  prob=0.679  val_auc=0.438  ep=0/6  (14s)
  [06/58] fisc_012  label=0  prob=0.797  val_auc=0.750  ep=0/6  (14s)
  [07/58] fisc_014  label=0  prob=0.719  val_auc=0.625  ep=0/6  (14s)
  [08/58] fisc_016  label=0  prob=0.792  val_auc=0.688  ep=0/6  (14s)
  [09/58] fisc_018  label=0  prob=0.284  val_auc=0.562  ep=0/6  (14s)
  [10/58] fisc_020  label=0  prob=0.596  val_auc=0.750  ep=3/9  (21s)
  [11/58] fisc_026  label=0  prob=0.463  val_auc=1.000  ep=1/7  (17s)
  [12/58] fisc_027  label=0  prob=0.550  val_auc=1.000  ep=0/6  (14s)
  [13/58] fisc_029  label=0  prob=0.621  val_auc=1.000  ep=0/6  (14s)
  [14/58] fisc_031  label=0  prob=0.355  val_auc=0.562  ep=2/8  (18s)
  [15/58] fisc_032  label=0  prob=0.384  val_auc=0.875  ep=0/6  (14s)
  [16/58] fisc_033  label=0  prob=0.718  val_auc=0.812  ep=1/7  (16s)
  [17/58] fisc_034  label=0  prob=0.441  val_auc=0.562  ep=0/6  (14s)
  [18/58] fisc_035  label=0  prob=0.366  val_auc=0.875  ep=0/6  (14s)
  [19/58] fisc_036  label=0  prob=0.421  val_auc=0.438  ep=1/7  (16s)
  [20/58] fisc_037  label=0  prob=0.307  val_auc=0.812  ep=0/6  (14s)
  [21/58] fisc_039  label=0  prob=0.409  val_auc=1.000  ep=5/11  (25s)
  [22/58] fisc_040  label=0  prob=0.413  val_auc=0.562  ep=0/6  (14s)
  [23/58] fisc_041  label=0  prob=0.371  val_auc=0.750  ep=0/6  (14s)
  [24/58] fisc_042  label=0  prob=0.625  val_auc=0.938  ep=0/6  (14s)
  [25/58] fisc_043  label=0  prob=0.472  val_auc=0.875  ep=3/9  (21s)
  [26/58] fisc_044  label=0  prob=0.405  val_auc=0.500  ep=0/6  (14s)
  [27/58] fisc_045  label=0  prob=0.280  val_auc=0.625  ep=0/6  (14s)
  [28/58] fisc_046  label=0  prob=0.278  val_auc=1.000  ep=1/7  (16s)
  [29/58] fisc_047  label=0  prob=0.386  val_auc=0.875  ep=0/6  (14s)
  [30/58] fisc_048  label=0  prob=0.349  val_auc=0.875  ep=0/6  (14s)
  [31/58] fisc_049  label=0  prob=0.403  val_auc=0.750  ep=0/6  (15s)
  [32/58] fisc_050  label=0  prob=0.458  val_auc=0.750  ep=1/7  (17s)
  [33/58] fisc_074  label=0  prob=0.306  val_auc=0.500  ep=0/6  (15s)
  [34/58] fisp_012  label=1  prob=0.311  val_auc=0.600  ep=0/6  (14s)
  [35/58] fisp_013  label=1  prob=0.751  val_auc=1.000  ep=0/6  (15s)
  [36/58] fisp_014  label=1  prob=0.425  val_auc=0.667  ep=3/9  (21s)
  [37/58] fisp_015  label=1  prob=0.814  val_auc=0.800  ep=4/10  (23s)
  [38/58] fisp_017  label=1  prob=0.731  val_auc=0.667  ep=0/6  (14s)
  [39/58] fisp_018  label=1  prob=0.705  val_auc=0.600  ep=1/7  (16s)
  [40/58] fisp_021  label=1  prob=0.829  val_auc=0.533  ep=0/6  (14s)
  [41/58] fisp_022  label=1  prob=0.634  val_auc=0.867  ep=0/6  (14s)
  [42/58] fisp_024  label=1  prob=0.693  val_auc=0.867  ep=2/8  (19s)
  [43/58] fisp_025  label=1  prob=0.721  val_auc=0.800  ep=0/6  (14s)
  [44/58] fisp_026  label=1  prob=0.742  val_auc=0.667  ep=0/6  (14s)
  [45/58] fisp_027  label=1  prob=0.859  val_auc=0.400  ep=1/7  (16s)
  [46/58] fisp_029  label=1  prob=0.773  val_auc=0.800  ep=2/8  (19s)
  [47/58] fisp_030  label=1  prob=0.800  val_auc=0.933  ep=1/7  (16s)
  [48/58] fisp_031  label=1  prob=0.710  val_auc=1.000  ep=0/6  (14s)
  [49/58] fisp_037  label=1  prob=0.694  val_auc=0.867  ep=4/10  (23s)
  [50/58] fisp_040  label=1  prob=0.705  val_auc=0.800  ep=5/11  (25s)
  [51/58] fisp_041  label=1  prob=0.320  val_auc=0.733  ep=0/6  (14s)
  [52/58] fisp_042  label=1  prob=0.655  val_auc=1.000  ep=7/13  (30s)
  [53/58] fisp_044  label=1  prob=0.395  val_auc=0.867  ep=1/7  (16s)
  [54/58] fisp_045  label=1  prob=0.406  val_auc=1.000  ep=0/6  (14s)
  [55/58] fisp_048  label=1  prob=0.457  val_auc=0.867  ep=0/6  (14s)
  [56/58] fisp_049  label=1  prob=0.556  val_auc=0.733  ep=0/6  (14s)
  [57/58] fisp_051  label=1  prob=0.339  val_auc=0.733  ep=2/8  (19s)
  [58/58] fisp_052  label=1  prob=0.297  val_auc=0.667  ep=2/8  (19s)
--- resnet18_fc_bg DONE  pooled AUC 0.6861  A 0.4958  B 0.6815  corr_nwin 0.066  (15.8 min) ---

Summary: /Users/ziad.boussedra/Desktop/Master Thesis/thesis-parkinson-radar/experiments/bg_suppressed/outputs/bg_suppressed_summary.json

BG-SUPPRESSED RUNS COMPLETE
